ecehadoop  a2 git:(main*) 21-07-04 12:14AM ./buildrun_t4_hadoop_cluster.sh
ecehadoop
--- Deleting
rm: cannot remove 'Task4.jar': No such file or directory
rm: cannot remove 'Task4*.class': No such file or directory
--- Compiling
--- Jarring
--- Running in2
Deleted /user/a37joshi/a2_starter_code_output_hadoop
2021-07-04 00:15:11,334 INFO client.RMProxy: Connecting to ResourceManager at ecehadoop0.uwaterloo.ca/172.18.3.40:8032
2021-07-04 00:15:11,538 WARN mapreduce.JobResourceUploader: Hadoop command-line option parsing not performed. Implement the Tool interface and execute your application with ToolRunner to remedy this.
2021-07-04 00:15:11,568 INFO mapreduce.JobResourceUploader: Disabling Erasure Coding for path: /tmp/hadoop-yarn/staging/a37joshi/.staging/job_1623686976421_9209
2021-07-04 00:15:11,640 INFO sasl.SaslDataTransferClient: SASL encryption trust check: localHostTrusted = false, remoteHostTrusted = false
2021-07-04 00:15:11,731 INFO input.FileInputFormat: Total input files to process : 1
2021-07-04 00:15:11,785 INFO sasl.SaslDataTransferClient: SASL encryption trust check: localHostTrusted = false, remoteHostTrusted = false
2021-07-04 00:15:11,851 INFO sasl.SaslDataTransferClient: SASL encryption trust check: localHostTrusted = false, remoteHostTrusted = false
2021-07-04 00:15:11,868 INFO mapreduce.JobSubmitter: number of splits:1
2021-07-04 00:15:11,993 INFO sasl.SaslDataTransferClient: SASL encryption trust check: localHostTrusted = false, remoteHostTrusted = false
2021-07-04 00:15:12,026 INFO mapreduce.JobSubmitter: Submitting tokens for job: job_1623686976421_9209
2021-07-04 00:15:12,026 INFO mapreduce.JobSubmitter: Executing with tokens: []
2021-07-04 00:15:12,120 INFO conf.Configuration: resource-types.xml not found
2021-07-04 00:15:12,120 INFO resource.ResourceUtils: Unable to find 'resource-types.xml'.
2021-07-04 00:15:12,154 INFO impl.YarnClientImpl: Submitted application application_1623686976421_9209
2021-07-04 00:15:12,176 INFO mapreduce.Job: The url to track the job: http://ecehadoop0:8088/proxy/application_1623686976421_9209/
2021-07-04 00:15:12,176 INFO mapreduce.Job: Running job: job_1623686976421_9209
2021-07-04 00:15:18,241 INFO mapreduce.Job: Job job_1623686976421_9209 running in uber mode : false
2021-07-04 00:15:18,242 INFO mapreduce.Job:  map 0% reduce 0%
2021-07-04 00:15:34,369 INFO mapreduce.Job:  map 39% reduce 0%
2021-07-04 00:15:40,414 INFO mapreduce.Job:  map 62% reduce 0%
2021-07-04 00:15:46,447 INFO mapreduce.Job:  map 85% reduce 0%
2021-07-04 00:15:50,485 INFO mapreduce.Job:  map 100% reduce 0%
2021-07-04 00:15:50,495 INFO mapreduce.Job: Job job_1623686976421_9209 completed successfully
2021-07-04 00:15:50,582 INFO mapreduce.Job: Counters: 33
        File System Counters
                FILE: Number of bytes read=0
                FILE: Number of bytes written=227056
                FILE: Number of read operations=0
                FILE: Number of large read operations=0
                FILE: Number of write operations=0
                HDFS: Number of bytes read=30098858
                HDFS: Number of bytes written=51948000
                HDFS: Number of read operations=8
                HDFS: Number of large read operations=0
                HDFS: Number of write operations=2
                HDFS: Number of bytes read erasure-coded=0
        Job Counters 
                Launched map tasks=1
                Data-local map tasks=1
                Total time spent by all maps in occupied slots (ms)=60162
                Total time spent by all reduces in occupied slots (ms)=0
                Total time spent by all map tasks (ms)=30081
                Total vcore-milliseconds taken by all map tasks=30081
                Total megabyte-milliseconds taken by all map tasks=15401472
        Map-Reduce Framework
                Map input records=1000
                Map output records=499500
                Input split bytes=118
                Spilled Records=0
                Failed Shuffles=0
                Merged Map outputs=0
                GC time elapsed (ms)=102
                CPU time spent (ms)=29820
                Physical memory (bytes) snapshot=306139136
                Virtual memory (bytes) snapshot=2158522368
                Total committed heap usage (bytes)=214958080
                Peak Map Physical memory (bytes)=306139136
                Peak Map Virtual memory (bytes)=2158522368
        File Input Format Counters 
                Bytes Read=15049370
        File Output Format Counters 
                Bytes Written=51948000

real    0m40.394s
user    0m4.260s
sys     0m0.201s
Found 2 items
-rw-r--r--   2 a37joshi a37joshi          0 2021-07-04 00:15 /user/a37joshi/a2_starter_code_output_hadoop/_SUCCESS
-rw-r--r--   2 a37joshi a37joshi   51948000 2021-07-04 00:15 /user/a37joshi/a2_starter_code_output_hadoop/part-m-00000
2021-07-04 00:15:53,116 INFO sasl.SaslDataTransferClient: SASL encryption trust check: localHostTrusted = false, remoteHostTrusted = false
--- Running in3
Deleted /user/a37joshi/a2_starter_code_output_hadoop
2021-07-04 00:16:11,730 INFO client.RMProxy: Connecting to ResourceManager at ecehadoop0.uwaterloo.ca/172.18.3.40:8032
2021-07-04 00:16:11,952 WARN mapreduce.JobResourceUploader: Hadoop command-line option parsing not performed. Implement the Tool interface and execute your application with ToolRunner to remedy this.
2021-07-04 00:16:11,975 INFO mapreduce.JobResourceUploader: Disabling Erasure Coding for path: /tmp/hadoop-yarn/staging/a37joshi/.staging/job_1623686976421_9212
2021-07-04 00:16:12,049 INFO sasl.SaslDataTransferClient: SASL encryption trust check: localHostTrusted = false, remoteHostTrusted = false
2021-07-04 00:16:12,163 INFO input.FileInputFormat: Total input files to process : 1
2021-07-04 00:16:12,218 INFO sasl.SaslDataTransferClient: SASL encryption trust check: localHostTrusted = false, remoteHostTrusted = false
2021-07-04 00:16:12,284 INFO sasl.SaslDataTransferClient: SASL encryption trust check: localHostTrusted = false, remoteHostTrusted = false
2021-07-04 00:16:12,300 INFO mapreduce.JobSubmitter: number of splits:1
2021-07-04 00:16:12,433 INFO sasl.SaslDataTransferClient: SASL encryption trust check: localHostTrusted = false, remoteHostTrusted = false
2021-07-04 00:16:12,474 INFO mapreduce.JobSubmitter: Submitting tokens for job: job_1623686976421_9212
2021-07-04 00:16:12,474 INFO mapreduce.JobSubmitter: Executing with tokens: []
2021-07-04 00:16:12,583 INFO conf.Configuration: resource-types.xml not found
2021-07-04 00:16:12,583 INFO resource.ResourceUtils: Unable to find 'resource-types.xml'.
2021-07-04 00:16:12,619 INFO impl.YarnClientImpl: Submitted application application_1623686976421_9212
2021-07-04 00:16:12,643 INFO mapreduce.Job: The url to track the job: http://ecehadoop0:8088/proxy/application_1623686976421_9212/
2021-07-04 00:16:12,643 INFO mapreduce.Job: Running job: job_1623686976421_9212
2021-07-04 00:16:18,713 INFO mapreduce.Job: Job job_1623686976421_9212 running in uber mode : false
2021-07-04 00:16:18,714 INFO mapreduce.Job:  map 0% reduce 0%
2021-07-04 00:16:34,842 INFO mapreduce.Job:  map 75% reduce 0%
2021-07-04 00:16:38,875 INFO mapreduce.Job:  map 100% reduce 0%
2021-07-04 00:16:38,889 INFO mapreduce.Job: Job job_1623686976421_9212 completed successfully
2021-07-04 00:16:38,954 INFO mapreduce.Job: Counters: 33
        File System Counters
                FILE: Number of bytes read=0
                FILE: Number of bytes written=227056
                FILE: Number of read operations=0
                FILE: Number of large read operations=0
                FILE: Number of write operations=0
                HDFS: Number of bytes read=66914100
                HDFS: Number of bytes written=2599065
                HDFS: Number of read operations=8
                HDFS: Number of large read operations=0
                HDFS: Number of write operations=2
                HDFS: Number of bytes read erasure-coded=0
        Job Counters 
                Launched map tasks=1
                Data-local map tasks=1
                Total time spent by all maps in occupied slots (ms)=36358
                Total time spent by all reduces in occupied slots (ms)=0
                Total time spent by all map tasks (ms)=18179
                Total vcore-milliseconds taken by all map tasks=18179
                Total megabyte-milliseconds taken by all map tasks=9307648
        Map-Reduce Framework
                Map input records=223
                Map output records=24753
                Input split bytes=118
                Spilled Records=0
                Failed Shuffles=0
                Merged Map outputs=0
                GC time elapsed (ms)=317
                CPU time spent (ms)=17760
                Physical memory (bytes) snapshot=348553216
                Virtual memory (bytes) snapshot=2158424064
                Total committed heap usage (bytes)=342360064
                Peak Map Physical memory (bytes)=348557312
                Peak Map Virtual memory (bytes)=2158424064
        File Input Format Counters 
                Bytes Read=33456991
        File Output Format Counters 
                Bytes Written=2599065

real    0m28.439s
user    0m4.136s
sys     0m0.195s
Found 2 items
-rw-r--r--   2 a37joshi a37joshi          0 2021-07-04 00:16 /user/a37joshi/a2_starter_code_output_hadoop/_SUCCESS
-rw-r--r--   2 a37joshi a37joshi    2599065 2021-07-04 00:16 /user/a37joshi/a2_starter_code_output_hadoop/part-m-00000
2021-07-04 00:16:41,542 INFO sasl.SaslDataTransferClient: SASL encryption trust check: localHostTrusted = false, remoteHostTrusted = false
--- Running in4
Deleted /user/a37joshi/a2_starter_code_output_hadoop
2021-07-04 00:16:44,820 INFO client.RMProxy: Connecting to ResourceManager at ecehadoop0.uwaterloo.ca/172.18.3.40:8032
2021-07-04 00:16:45,074 WARN mapreduce.JobResourceUploader: Hadoop command-line option parsing not performed. Implement the Tool interface and execute your application with ToolRunner to remedy this.
2021-07-04 00:16:45,107 INFO mapreduce.JobResourceUploader: Disabling Erasure Coding for path: /tmp/hadoop-yarn/staging/a37joshi/.staging/job_1623686976421_9215
2021-07-04 00:16:45,205 INFO sasl.SaslDataTransferClient: SASL encryption trust check: localHostTrusted = false, remoteHostTrusted = false
2021-07-04 00:16:45,316 INFO input.FileInputFormat: Total input files to process : 1
2021-07-04 00:16:45,374 INFO sasl.SaslDataTransferClient: SASL encryption trust check: localHostTrusted = false, remoteHostTrusted = false
2021-07-04 00:16:45,440 INFO sasl.SaslDataTransferClient: SASL encryption trust check: localHostTrusted = false, remoteHostTrusted = false
2021-07-04 00:16:45,448 INFO mapreduce.JobSubmitter: number of splits:2
2021-07-04 00:16:45,532 INFO sasl.SaslDataTransferClient: SASL encryption trust check: localHostTrusted = false, remoteHostTrusted = false
2021-07-04 00:16:45,565 INFO mapreduce.JobSubmitter: Submitting tokens for job: job_1623686976421_9215
2021-07-04 00:16:45,565 INFO mapreduce.JobSubmitter: Executing with tokens: []
2021-07-04 00:16:45,687 INFO conf.Configuration: resource-types.xml not found
2021-07-04 00:16:45,687 INFO resource.ResourceUtils: Unable to find 'resource-types.xml'.
2021-07-04 00:16:45,732 INFO impl.YarnClientImpl: Submitted application application_1623686976421_9215
2021-07-04 00:16:45,762 INFO mapreduce.Job: The url to track the job: http://ecehadoop0:8088/proxy/application_1623686976421_9215/
2021-07-04 00:16:45,763 INFO mapreduce.Job: Running job: job_1623686976421_9215
2021-07-04 00:16:51,843 INFO mapreduce.Job: Job job_1623686976421_9215 running in uber mode : false
2021-07-04 00:16:51,846 INFO mapreduce.Job:  map 0% reduce 0%
2021-07-04 00:17:07,995 INFO mapreduce.Job:  map 50% reduce 0%
2021-07-04 00:17:09,000 INFO mapreduce.Job:  map 100% reduce 0%
2021-07-04 00:17:09,013 INFO mapreduce.Job: Job job_1623686976421_9215 completed successfully
2021-07-04 00:17:09,077 INFO mapreduce.Job: Counters: 33
        File System Counters
                FILE: Number of bytes read=0
                FILE: Number of bytes written=454112
                FILE: Number of read operations=0
                FILE: Number of large read operations=0
                FILE: Number of write operations=0
                HDFS: Number of bytes read=100399881
                HDFS: Number of bytes written=2599065
                HDFS: Number of read operations=16
                HDFS: Number of large read operations=0
                HDFS: Number of write operations=4
                HDFS: Number of bytes read erasure-coded=0
        Job Counters 
                Launched map tasks=2
                Data-local map tasks=2
                Total time spent by all maps in occupied slots (ms)=58244
                Total time spent by all reduces in occupied slots (ms)=0
                Total time spent by all map tasks (ms)=29122
                Total vcore-milliseconds taken by all map tasks=29122
                Total megabyte-milliseconds taken by all map tasks=14910464
        Map-Reduce Framework
                Map input records=223
                Map output records=24753
                Input split bytes=236
                Spilled Records=0
                Failed Shuffles=0
                Merged Map outputs=0
                GC time elapsed (ms)=8523
                CPU time spent (ms)=27540
                Physical memory (bytes) snapshot=690991104
                Virtual memory (bytes) snapshot=4315836416
                Total committed heap usage (bytes)=759169024
                Peak Map Physical memory (bytes)=353800192
                Peak Map Virtual memory (bytes)=2158497792
        File Input Format Counters 
                Bytes Read=33485663
        File Output Format Counters 
                Bytes Written=2599065

real    0m25.477s
user    0m4.594s
sys     0m0.190s
Found 3 items
-rw-r--r--   2 a37joshi a37joshi          0 2021-07-04 00:17 /user/a37joshi/a2_starter_code_output_hadoop/_SUCCESS
-rw-r--r--   2 a37joshi a37joshi    1254855 2021-07-04 00:17 /user/a37joshi/a2_starter_code_output_hadoop/part-m-00000
-rw-r--r--   2 a37joshi a37joshi    1344210 2021-07-04 00:17 /user/a37joshi/a2_starter_code_output_hadoop/part-m-00001
2021-07-04 00:17:11,611 INFO sasl.SaslDataTransferClient: SASL encryption trust check: localHostTrusted = false, remoteHostTrusted = false
2021-07-04 00:17:11,793 INFO sasl.SaslDataTransferClient: SASL encryption trust check: localHostTrusted = false, remoteHostTrusted = false