ecehadoop  a2 git:(main*) 21-07-04 12:09AM ./buildrun_t1_hadoop_cluster.sh
ecehadoop
--- Deleting
rm: cannot remove 'Task1.jar': No such file or directory
rm: cannot remove 'Task1*.class': No such file or directory
--- Compiling
--- Jarring
--- Running in2
Deleted /user/a37joshi/a2_starter_code_output_hadoop
2021-07-04 00:11:44,577 INFO client.RMProxy: Connecting to ResourceManager at ecehadoop0.uwaterloo.ca/172.18.3.40:8032
2021-07-04 00:11:44,782 WARN mapreduce.JobResourceUploader: Hadoop command-line option parsing not performed. Implement the Tool interface and execute your application with ToolRunner to remedy this.
2021-07-04 00:11:44,808 INFO mapreduce.JobResourceUploader: Disabling Erasure Coding for path: /tmp/hadoop-yarn/staging/a37joshi/.staging/job_1623686976421_9202
2021-07-04 00:11:44,880 INFO sasl.SaslDataTransferClient: SASL encryption trust check: localHostTrusted = false, remoteHostTrusted = false
2021-07-04 00:11:44,966 INFO input.FileInputFormat: Total input files to process : 1
2021-07-04 00:11:45,016 INFO sasl.SaslDataTransferClient: SASL encryption trust check: localHostTrusted = false, remoteHostTrusted = false
2021-07-04 00:11:45,084 INFO sasl.SaslDataTransferClient: SASL encryption trust check: localHostTrusted = false, remoteHostTrusted = false
2021-07-04 00:11:45,099 INFO mapreduce.JobSubmitter: number of splits:1
2021-07-04 00:11:45,199 INFO sasl.SaslDataTransferClient: SASL encryption trust check: localHostTrusted = false, remoteHostTrusted = false
2021-07-04 00:11:45,241 INFO mapreduce.JobSubmitter: Submitting tokens for job: job_1623686976421_9202
2021-07-04 00:11:45,241 INFO mapreduce.JobSubmitter: Executing with tokens: []
2021-07-04 00:11:45,360 INFO conf.Configuration: resource-types.xml not found
2021-07-04 00:11:45,360 INFO resource.ResourceUtils: Unable to find 'resource-types.xml'.
2021-07-04 00:11:45,393 INFO impl.YarnClientImpl: Submitted application application_1623686976421_9202
2021-07-04 00:11:45,412 INFO mapreduce.Job: The url to track the job: http://ecehadoop0:8088/proxy/application_1623686976421_9202/
2021-07-04 00:11:45,412 INFO mapreduce.Job: Running job: job_1623686976421_9202
2021-07-04 00:11:51,504 INFO mapreduce.Job: Job job_1623686976421_9202 running in uber mode : false
2021-07-04 00:11:51,506 INFO mapreduce.Job:  map 0% reduce 0%
2021-07-04 00:11:56,586 INFO mapreduce.Job:  map 100% reduce 0%
2021-07-04 00:11:56,604 INFO mapreduce.Job: Job job_1623686976421_9202 completed successfully
2021-07-04 00:11:56,712 INFO mapreduce.Job: Counters: 33
        File System Counters
                FILE: Number of bytes read=0
                FILE: Number of bytes written=226085
                FILE: Number of read operations=0
                FILE: Number of large read operations=0
                FILE: Number of write operations=0
                HDFS: Number of bytes read=15049488
                HDFS: Number of bytes written=4938256
                HDFS: Number of read operations=7
                HDFS: Number of large read operations=0
                HDFS: Number of write operations=2
                HDFS: Number of bytes read erasure-coded=0
        Job Counters 
                Launched map tasks=1
                Data-local map tasks=1
                Total time spent by all maps in occupied slots (ms)=6266
                Total time spent by all reduces in occupied slots (ms)=0
                Total time spent by all map tasks (ms)=3133
                Total vcore-milliseconds taken by all map tasks=3133
                Total megabyte-milliseconds taken by all map tasks=1604096
        Map-Reduce Framework
                Map input records=1000
                Map output records=1000
                Input split bytes=118
                Spilled Records=0
                Failed Shuffles=0
                Merged Map outputs=0
                GC time elapsed (ms)=55
                CPU time spent (ms)=1790
                Physical memory (bytes) snapshot=233758720
                Virtual memory (bytes) snapshot=2158612480
                Total committed heap usage (bytes)=223870976
                Peak Map Physical memory (bytes)=233758720
                Peak Map Virtual memory (bytes)=2158612480
        File Input Format Counters 
                Bytes Read=15049370
        File Output Format Counters 
                Bytes Written=4938256

real    0m13.300s
user    0m3.791s
sys     0m0.174s
Found 2 items
-rw-r--r--   2 a37joshi a37joshi          0 2021-07-04 00:11 /user/a37joshi/a2_starter_code_output_hadoop/_SUCCESS
-rw-r--r--   2 a37joshi a37joshi    4938256 2021-07-04 00:11 /user/a37joshi/a2_starter_code_output_hadoop/part-m-00000
2021-07-04 00:11:59,242 INFO sasl.SaslDataTransferClient: SASL encryption trust check: localHostTrusted = false, remoteHostTrusted = false
--- Running in3
Deleted /user/a37joshi/a2_starter_code_output_hadoop
2021-07-04 00:12:03,729 INFO client.RMProxy: Connecting to ResourceManager at ecehadoop0.uwaterloo.ca/172.18.3.40:8032
2021-07-04 00:12:03,942 WARN mapreduce.JobResourceUploader: Hadoop command-line option parsing not performed. Implement the Tool interface and execute your application with ToolRunner to remedy this.
2021-07-04 00:12:03,966 INFO mapreduce.JobResourceUploader: Disabling Erasure Coding for path: /tmp/hadoop-yarn/staging/a37joshi/.staging/job_1623686976421_9203
2021-07-04 00:12:04,046 INFO sasl.SaslDataTransferClient: SASL encryption trust check: localHostTrusted = false, remoteHostTrusted = false
2021-07-04 00:12:04,133 INFO input.FileInputFormat: Total input files to process : 1
2021-07-04 00:12:04,182 INFO sasl.SaslDataTransferClient: SASL encryption trust check: localHostTrusted = false, remoteHostTrusted = false
2021-07-04 00:12:04,250 INFO sasl.SaslDataTransferClient: SASL encryption trust check: localHostTrusted = false, remoteHostTrusted = false
2021-07-04 00:12:04,265 INFO mapreduce.JobSubmitter: number of splits:1
2021-07-04 00:12:04,390 INFO sasl.SaslDataTransferClient: SASL encryption trust check: localHostTrusted = false, remoteHostTrusted = false
2021-07-04 00:12:04,423 INFO mapreduce.JobSubmitter: Submitting tokens for job: job_1623686976421_9203
2021-07-04 00:12:04,423 INFO mapreduce.JobSubmitter: Executing with tokens: []
2021-07-04 00:12:04,524 INFO conf.Configuration: resource-types.xml not found
2021-07-04 00:12:04,524 INFO resource.ResourceUtils: Unable to find 'resource-types.xml'.
2021-07-04 00:12:04,558 INFO impl.YarnClientImpl: Submitted application application_1623686976421_9203
2021-07-04 00:12:04,578 INFO mapreduce.Job: The url to track the job: http://ecehadoop0:8088/proxy/application_1623686976421_9203/
2021-07-04 00:12:04,578 INFO mapreduce.Job: Running job: job_1623686976421_9203
2021-07-04 00:12:10,686 INFO mapreduce.Job: Job job_1623686976421_9203 running in uber mode : false
2021-07-04 00:12:10,688 INFO mapreduce.Job:  map 0% reduce 0%
2021-07-04 00:12:15,752 INFO mapreduce.Job:  map 100% reduce 0%
2021-07-04 00:12:15,761 INFO mapreduce.Job: Job job_1623686976421_9203 completed successfully
2021-07-04 00:12:15,823 INFO mapreduce.Job: Counters: 33
        File System Counters
                FILE: Number of bytes read=0
                FILE: Number of bytes written=226085
                FILE: Number of read operations=0
                FILE: Number of large read operations=0
                FILE: Number of write operations=0
                HDFS: Number of bytes read=33457109
                HDFS: Number of bytes written=13131102
                HDFS: Number of read operations=7
                HDFS: Number of large read operations=0
                HDFS: Number of write operations=2
                HDFS: Number of bytes read erasure-coded=0
        Job Counters 
                Launched map tasks=1
                Data-local map tasks=1
                Total time spent by all maps in occupied slots (ms)=6272
                Total time spent by all reduces in occupied slots (ms)=0
                Total time spent by all map tasks (ms)=3136
                Total vcore-milliseconds taken by all map tasks=3136
                Total megabyte-milliseconds taken by all map tasks=1605632
        Map-Reduce Framework
                Map input records=223
                Map output records=223
                Input split bytes=118
                Spilled Records=0
                Failed Shuffles=0
                Merged Map outputs=0
                GC time elapsed (ms)=69
                CPU time spent (ms)=2280
                Physical memory (bytes) snapshot=241197056
                Virtual memory (bytes) snapshot=2158432256
                Total committed heap usage (bytes)=224919552
                Peak Map Physical memory (bytes)=241197056
                Peak Map Virtual memory (bytes)=2158432256
        File Input Format Counters 
                Bytes Read=33456991
        File Output Format Counters 
                Bytes Written=13131102

real    0m13.378s
user    0m4.040s
sys     0m0.173s
Found 2 items
-rw-r--r--   2 a37joshi a37joshi          0 2021-07-04 00:12 /user/a37joshi/a2_starter_code_output_hadoop/_SUCCESS
-rw-r--r--   2 a37joshi a37joshi   13131102 2021-07-04 00:12 /user/a37joshi/a2_starter_code_output_hadoop/part-m-00000
2021-07-04 00:12:18,399 INFO sasl.SaslDataTransferClient: SASL encryption trust check: localHostTrusted = false, remoteHostTrusted = false
--- Running in4
Deleted /user/a37joshi/a2_starter_code_output_hadoop
2021-07-04 00:12:26,387 INFO client.RMProxy: Connecting to ResourceManager at ecehadoop0.uwaterloo.ca/172.18.3.40:8032
2021-07-04 00:12:26,591 WARN mapreduce.JobResourceUploader: Hadoop command-line option parsing not performed. Implement the Tool interface and execute your application with ToolRunner to remedy this.
2021-07-04 00:12:26,615 INFO mapreduce.JobResourceUploader: Disabling Erasure Coding for path: /tmp/hadoop-yarn/staging/a37joshi/.staging/job_1623686976421_9204
2021-07-04 00:12:26,687 INFO sasl.SaslDataTransferClient: SASL encryption trust check: localHostTrusted = false, remoteHostTrusted = false
2021-07-04 00:12:26,799 INFO input.FileInputFormat: Total input files to process : 1
2021-07-04 00:12:26,865 INFO sasl.SaslDataTransferClient: SASL encryption trust check: localHostTrusted = false, remoteHostTrusted = false
2021-07-04 00:12:26,931 INFO sasl.SaslDataTransferClient: SASL encryption trust check: localHostTrusted = false, remoteHostTrusted = false
2021-07-04 00:12:26,939 INFO mapreduce.JobSubmitter: number of splits:2
2021-07-04 00:12:27,031 INFO sasl.SaslDataTransferClient: SASL encryption trust check: localHostTrusted = false, remoteHostTrusted = false
2021-07-04 00:12:27,064 INFO mapreduce.JobSubmitter: Submitting tokens for job: job_1623686976421_9204
2021-07-04 00:12:27,064 INFO mapreduce.JobSubmitter: Executing with tokens: []
2021-07-04 00:12:27,167 INFO conf.Configuration: resource-types.xml not found
2021-07-04 00:12:27,167 INFO resource.ResourceUtils: Unable to find 'resource-types.xml'.
2021-07-04 00:12:27,208 INFO impl.YarnClientImpl: Submitted application application_1623686976421_9204
2021-07-04 00:12:27,235 INFO mapreduce.Job: The url to track the job: http://ecehadoop0:8088/proxy/application_1623686976421_9204/
2021-07-04 00:12:27,235 INFO mapreduce.Job: Running job: job_1623686976421_9204
2021-07-04 00:12:33,318 INFO mapreduce.Job: Job job_1623686976421_9204 running in uber mode : false
2021-07-04 00:12:33,321 INFO mapreduce.Job:  map 0% reduce 0%
2021-07-04 00:12:40,402 INFO mapreduce.Job:  map 100% reduce 0%
2021-07-04 00:12:40,419 INFO mapreduce.Job: Job job_1623686976421_9204 completed successfully
2021-07-04 00:12:40,521 INFO mapreduce.Job: Counters: 33
        File System Counters
                FILE: Number of bytes read=0
                FILE: Number of bytes written=452170
                FILE: Number of read operations=0
                FILE: Number of large read operations=0
                FILE: Number of write operations=0
                HDFS: Number of bytes read=33485899
                HDFS: Number of bytes written=13131102
                HDFS: Number of read operations=14
                HDFS: Number of large read operations=0
                HDFS: Number of write operations=4
                HDFS: Number of bytes read erasure-coded=0
        Job Counters 
                Launched map tasks=2
                Data-local map tasks=2
                Total time spent by all maps in occupied slots (ms)=19000
                Total time spent by all reduces in occupied slots (ms)=0
                Total time spent by all map tasks (ms)=9500
                Total vcore-milliseconds taken by all map tasks=9500
                Total megabyte-milliseconds taken by all map tasks=4864000
        Map-Reduce Framework
                Map input records=223
                Map output records=223
                Input split bytes=236
                Spilled Records=0
                Failed Shuffles=0
                Merged Map outputs=0
                GC time elapsed (ms)=261
                CPU time spent (ms)=4570
                Physical memory (bytes) snapshot=473116672
                Virtual memory (bytes) snapshot=4317831168
                Total committed heap usage (bytes)=426770432
                Peak Map Physical memory (bytes)=237346816
                Peak Map Virtual memory (bytes)=2159251456
        File Input Format Counters 
                Bytes Read=33485663
        File Output Format Counters 
                Bytes Written=13131102

real    0m15.985s
user    0m3.913s
sys     0m0.233s
Found 3 items
-rw-r--r--   2 a37joshi a37joshi          0 2021-07-04 00:12 /user/a37joshi/a2_starter_code_output_hadoop/_SUCCESS
-rw-r--r--   2 a37joshi a37joshi    6588965 2021-07-04 00:12 /user/a37joshi/a2_starter_code_output_hadoop/part-m-00000
-rw-r--r--   2 a37joshi a37joshi    6542137 2021-07-04 00:12 /user/a37joshi/a2_starter_code_output_hadoop/part-m-00001
2021-07-04 00:12:43,157 INFO sasl.SaslDataTransferClient: SASL encryption trust check: localHostTrusted = false, remoteHostTrusted = false
2021-07-04 00:12:43,803 INFO sasl.SaslDataTransferClient: SASL encryption trust check: localHostTrusted = false, remoteHostTrusted = false