ecehadoop  a2 git:(main*) 21-07-03 11:16PM ./buildrun_t3_hadoop_cluster.sh                    
ecehadoop
--- Deleting
rm: cannot remove 'Task3.jar': No such file or directory
rm: cannot remove 'Task3*.class': No such file or directory
--- Compiling
--- Jarring
--- Running in2
Deleted /user/a37joshi/a2_starter_code_output_hadoop
2021-07-04 00:04:20,145 INFO client.RMProxy: Connecting to ResourceManager at ecehadoop0.uwaterloo.ca/172.18.3.40:8032
2021-07-04 00:04:20,381 WARN mapreduce.JobResourceUploader: Hadoop command-line option parsing not performed. Implement the Tool interface and execute your application with ToolRunner to remedy this.
2021-07-04 00:04:20,405 INFO mapreduce.JobResourceUploader: Disabling Erasure Coding for path: /tmp/hadoop-yarn/staging/a37joshi/.staging/job_1623686976421_9184
2021-07-04 00:04:20,486 INFO sasl.SaslDataTransferClient: SASL encryption trust check: localHostTrusted = false, remoteHostTrusted = false
2021-07-04 00:04:20,581 INFO input.FileInputFormat: Total input files to process : 1
2021-07-04 00:04:20,638 INFO sasl.SaslDataTransferClient: SASL encryption trust check: localHostTrusted = false, remoteHostTrusted = false
2021-07-04 00:04:20,704 INFO sasl.SaslDataTransferClient: SASL encryption trust check: localHostTrusted = false, remoteHostTrusted = false
2021-07-04 00:04:20,712 INFO mapreduce.JobSubmitter: number of splits:1
2021-07-04 00:04:20,804 INFO sasl.SaslDataTransferClient: SASL encryption trust check: localHostTrusted = false, remoteHostTrusted = false
2021-07-04 00:04:20,837 INFO mapreduce.JobSubmitter: Submitting tokens for job: job_1623686976421_9184
2021-07-04 00:04:20,837 INFO mapreduce.JobSubmitter: Executing with tokens: []
2021-07-04 00:04:20,940 INFO conf.Configuration: resource-types.xml not found
2021-07-04 00:04:20,940 INFO resource.ResourceUtils: Unable to find 'resource-types.xml'.
2021-07-04 00:04:20,977 INFO impl.YarnClientImpl: Submitted application application_1623686976421_9184
2021-07-04 00:04:20,998 INFO mapreduce.Job: The url to track the job: http://ecehadoop0:8088/proxy/application_1623686976421_9184/
2021-07-04 00:04:20,998 INFO mapreduce.Job: Running job: job_1623686976421_9184
2021-07-04 00:04:27,090 INFO mapreduce.Job: Job job_1623686976421_9184 running in uber mode : false
2021-07-04 00:04:27,093 INFO mapreduce.Job:  map 0% reduce 0%
2021-07-04 00:04:42,256 INFO mapreduce.Job:  map 100% reduce 0%
2021-07-04 00:04:47,293 INFO mapreduce.Job:  map 100% reduce 100%
2021-07-04 00:04:48,312 INFO mapreduce.Job: Job job_1623686976421_9184 completed successfully
2021-07-04 00:04:48,385 INFO mapreduce.Job: Counters: 54
        File System Counters
                FILE: Number of bytes read=400024
                FILE: Number of bytes written=953241
                FILE: Number of read operations=0
                FILE: Number of large read operations=0
                FILE: Number of write operations=0
                HDFS: Number of bytes read=15049488
                HDFS: Number of bytes written=88894
                HDFS: Number of read operations=8
                HDFS: Number of large read operations=0
                HDFS: Number of write operations=2
                HDFS: Number of bytes read erasure-coded=0
        Job Counters 
                Launched map tasks=1
                Launched reduce tasks=1
                Data-local map tasks=1
                Total time spent by all maps in occupied slots (ms)=26102
                Total time spent by all reduces in occupied slots (ms)=5222
                Total time spent by all map tasks (ms)=13051
                Total time spent by all reduce tasks (ms)=2611
                Total vcore-milliseconds taken by all map tasks=13051
                Total vcore-milliseconds taken by all reduce tasks=2611
                Total megabyte-milliseconds taken by all map tasks=6682112
                Total megabyte-milliseconds taken by all reduce tasks=1336832
        Map-Reduce Framework
                Map input records=1000
                Map output records=10000000
                Map output bytes=80000000
                Map output materialized bytes=100006
                Input split bytes=118
                Combine input records=10030000
                Combine output records=40000
                Reduce input groups=10000
                Reduce shuffle bytes=100006
                Reduce input records=10000
                Reduce output records=10000
                Spilled Records=50000
                Shuffled Maps =1
                Failed Shuffles=0
                Merged Map outputs=1
                GC time elapsed (ms)=104
                CPU time spent (ms)=14050
                Physical memory (bytes) snapshot=535801856
                Virtual memory (bytes) snapshot=4323250176
                Total committed heap usage (bytes)=527958016
                Peak Map Physical memory (bytes)=345337856
                Peak Map Virtual memory (bytes)=2162135040
                Peak Reduce Physical memory (bytes)=190464000
                Peak Reduce Virtual memory (bytes)=2161115136
        Shuffle Errors
                BAD_ID=0
                CONNECTION=0
                IO_ERROR=0
                WRONG_LENGTH=0
                WRONG_MAP=0
                WRONG_REDUCE=0
        File Input Format Counters 
                Bytes Read=15049370
        File Output Format Counters 
                Bytes Written=88894

real    0m29.528s
user    0m4.113s
sys     0m0.236s
Found 2 items
-rw-r--r--   2 a37joshi a37joshi          0 2021-07-04 00:04 /user/a37joshi/a2_starter_code_output_hadoop/_SUCCESS
-rw-r--r--   2 a37joshi a37joshi      88894 2021-07-04 00:04 /user/a37joshi/a2_starter_code_output_hadoop/part-r-00000
2021-07-04 00:04:51,023 INFO sasl.SaslDataTransferClient: SASL encryption trust check: localHostTrusted = false, remoteHostTrusted = false
--- Running in3
Deleted /user/a37joshi/a2_starter_code_output_hadoop
2021-07-04 00:04:53,795 INFO client.RMProxy: Connecting to ResourceManager at ecehadoop0.uwaterloo.ca/172.18.3.40:8032
2021-07-04 00:04:54,000 WARN mapreduce.JobResourceUploader: Hadoop command-line option parsing not performed. Implement the Tool interface and execute your application with ToolRunner to remedy this.
2021-07-04 00:04:54,028 INFO mapreduce.JobResourceUploader: Disabling Erasure Coding for path: /tmp/hadoop-yarn/staging/a37joshi/.staging/job_1623686976421_9185
2021-07-04 00:04:54,130 INFO sasl.SaslDataTransferClient: SASL encryption trust check: localHostTrusted = false, remoteHostTrusted = false
2021-07-04 00:04:54,230 INFO input.FileInputFormat: Total input files to process : 1
2021-07-04 00:04:54,287 INFO sasl.SaslDataTransferClient: SASL encryption trust check: localHostTrusted = false, remoteHostTrusted = false
2021-07-04 00:04:54,395 INFO sasl.SaslDataTransferClient: SASL encryption trust check: localHostTrusted = false, remoteHostTrusted = false
2021-07-04 00:04:54,411 INFO mapreduce.JobSubmitter: number of splits:1
2021-07-04 00:04:54,503 INFO sasl.SaslDataTransferClient: SASL encryption trust check: localHostTrusted = false, remoteHostTrusted = false
2021-07-04 00:04:54,536 INFO mapreduce.JobSubmitter: Submitting tokens for job: job_1623686976421_9185
2021-07-04 00:04:54,536 INFO mapreduce.JobSubmitter: Executing with tokens: []
2021-07-04 00:04:54,639 INFO conf.Configuration: resource-types.xml not found
2021-07-04 00:04:54,639 INFO resource.ResourceUtils: Unable to find 'resource-types.xml'.
2021-07-04 00:04:54,677 INFO impl.YarnClientImpl: Submitted application application_1623686976421_9185
2021-07-04 00:04:54,710 INFO mapreduce.Job: The url to track the job: http://ecehadoop0:8088/proxy/application_1623686976421_9185/
2021-07-04 00:04:54,711 INFO mapreduce.Job: Running job: job_1623686976421_9185
2021-07-04 00:05:00,803 INFO mapreduce.Job: Job job_1623686976421_9185 running in uber mode : false
2021-07-04 00:05:00,805 INFO mapreduce.Job:  map 0% reduce 0%
2021-07-04 00:05:16,979 INFO mapreduce.Job:  map 33% reduce 0%
2021-07-04 00:05:23,022 INFO mapreduce.Job:  map 45% reduce 0%
2021-07-04 00:05:29,048 INFO mapreduce.Job:  map 65% reduce 0%
2021-07-04 00:05:34,087 INFO mapreduce.Job:  map 100% reduce 0%
2021-07-04 00:05:38,115 INFO mapreduce.Job:  map 100% reduce 100%
2021-07-04 00:05:39,136 INFO mapreduce.Job: Job job_1623686976421_9185 completed successfully
2021-07-04 00:05:39,218 INFO mapreduce.Job: Counters: 54
        File System Counters
                FILE: Number of bytes read=8000048
                FILE: Number of bytes written=9453265
                FILE: Number of read operations=0
                FILE: Number of large read operations=0
                FILE: Number of write operations=0
                HDFS: Number of bytes read=33457109
                HDFS: Number of bytes written=983446
                HDFS: Number of read operations=8
                HDFS: Number of large read operations=0
                HDFS: Number of write operations=2
                HDFS: Number of bytes read erasure-coded=0
        Job Counters 
                Launched map tasks=1
                Launched reduce tasks=1
                Data-local map tasks=1
                Total time spent by all maps in occupied slots (ms)=61566
                Total time spent by all reduces in occupied slots (ms)=5582
                Total time spent by all map tasks (ms)=30783
                Total time spent by all reduce tasks (ms)=2791
                Total vcore-milliseconds taken by all map tasks=30783
                Total vcore-milliseconds taken by all reduce tasks=2791
                Total megabyte-milliseconds taken by all map tasks=15760896
                Total megabyte-milliseconds taken by all reduce tasks=1428992
        Map-Reduce Framework
                Map input records=223
                Map output records=22300000
                Map output bytes=178400000
                Map output materialized bytes=1000006
                Input split bytes=118
                Combine input records=23000000
                Combine output records=800000
                Reduce input groups=100000
                Reduce shuffle bytes=1000006
                Reduce input records=100000
                Reduce output records=100000
                Spilled Records=900000
                Shuffled Maps =1
                Failed Shuffles=0
                Merged Map outputs=1
                GC time elapsed (ms)=132
                CPU time spent (ms)=34080
                Physical memory (bytes) snapshot=567140352
                Virtual memory (bytes) snapshot=4324040704
                Total committed heap usage (bytes)=540016640
                Peak Map Physical memory (bytes)=350883840
                Peak Map Virtual memory (bytes)=2161901568
                Peak Reduce Physical memory (bytes)=216309760
                Peak Reduce Virtual memory (bytes)=2162139136
        Shuffle Errors
                BAD_ID=0
                CONNECTION=0
                IO_ERROR=0
                WRONG_LENGTH=0
                WRONG_MAP=0
                WRONG_REDUCE=0
        File Input Format Counters 
                Bytes Read=33456991
        File Output Format Counters 
                Bytes Written=983446

real    0m46.692s
user    0m4.199s
sys     0m0.299s
Found 2 items
-rw-r--r--   2 a37joshi a37joshi          0 2021-07-04 00:05 /user/a37joshi/a2_starter_code_output_hadoop/_SUCCESS
-rw-r--r--   2 a37joshi a37joshi     983446 2021-07-04 00:05 /user/a37joshi/a2_starter_code_output_hadoop/part-r-00000
2021-07-04 00:05:42,062 INFO sasl.SaslDataTransferClient: SASL encryption trust check: localHostTrusted = false, remoteHostTrusted = false
--- Running in4
Deleted /user/a37joshi/a2_starter_code_output_hadoop
2021-07-04 00:05:45,318 INFO client.RMProxy: Connecting to ResourceManager at ecehadoop0.uwaterloo.ca/172.18.3.40:8032
2021-07-04 00:05:45,534 WARN mapreduce.JobResourceUploader: Hadoop command-line option parsing not performed. Implement the Tool interface and execute your application with ToolRunner to remedy this.
2021-07-04 00:05:45,552 INFO mapreduce.JobResourceUploader: Disabling Erasure Coding for path: /tmp/hadoop-yarn/staging/a37joshi/.staging/job_1623686976421_9187
2021-07-04 00:05:45,633 INFO sasl.SaslDataTransferClient: SASL encryption trust check: localHostTrusted = false, remoteHostTrusted = false
2021-07-04 00:05:45,729 INFO input.FileInputFormat: Total input files to process : 1
2021-07-04 00:05:45,785 INFO sasl.SaslDataTransferClient: SASL encryption trust check: localHostTrusted = false, remoteHostTrusted = false
2021-07-04 00:05:45,851 INFO sasl.SaslDataTransferClient: SASL encryption trust check: localHostTrusted = false, remoteHostTrusted = false
2021-07-04 00:05:45,859 INFO mapreduce.JobSubmitter: number of splits:2
2021-07-04 00:05:45,960 INFO sasl.SaslDataTransferClient: SASL encryption trust check: localHostTrusted = false, remoteHostTrusted = false
2021-07-04 00:05:45,993 INFO mapreduce.JobSubmitter: Submitting tokens for job: job_1623686976421_9187
2021-07-04 00:05:45,993 INFO mapreduce.JobSubmitter: Executing with tokens: []
2021-07-04 00:05:46,112 INFO conf.Configuration: resource-types.xml not found
2021-07-04 00:05:46,112 INFO resource.ResourceUtils: Unable to find 'resource-types.xml'.
2021-07-04 00:05:46,155 INFO impl.YarnClientImpl: Submitted application application_1623686976421_9187
2021-07-04 00:05:46,176 INFO mapreduce.Job: The url to track the job: http://ecehadoop0:8088/proxy/application_1623686976421_9187/
2021-07-04 00:05:46,176 INFO mapreduce.Job: Running job: job_1623686976421_9187
2021-07-04 00:05:52,260 INFO mapreduce.Job: Job job_1623686976421_9187 running in uber mode : false
2021-07-04 00:05:52,262 INFO mapreduce.Job:  map 0% reduce 0%
2021-07-04 00:06:09,399 INFO mapreduce.Job:  map 67% reduce 0%
2021-07-04 00:06:12,454 INFO mapreduce.Job:  map 83% reduce 0%
2021-07-04 00:06:13,459 INFO mapreduce.Job:  map 100% reduce 0%
2021-07-04 00:06:19,501 INFO mapreduce.Job:  map 100% reduce 100%
2021-07-04 00:06:20,516 INFO mapreduce.Job: Job job_1623686976421_9187 completed successfully
2021-07-04 00:06:20,616 INFO mapreduce.Job: Counters: 54
        File System Counters
                FILE: Number of bytes read=10000054
                FILE: Number of bytes written=12679910
                FILE: Number of read operations=0
                FILE: Number of large read operations=0
                FILE: Number of write operations=0
                HDFS: Number of bytes read=33485899
                HDFS: Number of bytes written=983446
                HDFS: Number of read operations=11
                HDFS: Number of large read operations=0
                HDFS: Number of write operations=2
                HDFS: Number of bytes read erasure-coded=0
        Job Counters 
                Launched map tasks=2
                Launched reduce tasks=1
                Data-local map tasks=2
                Total time spent by all maps in occupied slots (ms)=74486
                Total time spent by all reduces in occupied slots (ms)=8606
                Total time spent by all map tasks (ms)=37243
                Total time spent by all reduce tasks (ms)=4303
                Total vcore-milliseconds taken by all map tasks=37243
                Total vcore-milliseconds taken by all reduce tasks=4303
                Total megabyte-milliseconds taken by all map tasks=19068416
                Total megabyte-milliseconds taken by all reduce tasks=2203136
        Map-Reduce Framework
                Map input records=223
                Map output records=22300000
                Map output bytes=178400000
                Map output materialized bytes=2000012
                Input split bytes=236
                Combine input records=23100000
                Combine output records=1000000
                Reduce input groups=100000
                Reduce shuffle bytes=2000012
                Reduce input records=200000
                Reduce output records=100000
                Spilled Records=1200000
                Shuffled Maps =2
                Failed Shuffles=0
                Merged Map outputs=2
                GC time elapsed (ms)=316
                CPU time spent (ms)=39140
                Physical memory (bytes) snapshot=916729856
                Virtual memory (bytes) snapshot=6478417920
                Total committed heap usage (bytes)=862453760
                Peak Map Physical memory (bytes)=352735232
                Peak Map Virtual memory (bytes)=2158370816
                Peak Reduce Physical memory (bytes)=217108480
                Peak Reduce Virtual memory (bytes)=2162003968
        Shuffle Errors
                BAD_ID=0
                CONNECTION=0
                IO_ERROR=0
                WRONG_LENGTH=0
                WRONG_MAP=0
                WRONG_REDUCE=0
        File Input Format Counters 
                Bytes Read=33485663
        File Output Format Counters 
                Bytes Written=983446

real    0m36.552s
user    0m4.352s
sys     0m0.216s
Found 2 items
-rw-r--r--   2 a37joshi a37joshi          0 2021-07-04 00:06 /user/a37joshi/a2_starter_code_output_hadoop/_SUCCESS
-rw-r--r--   2 a37joshi a37joshi     983446 2021-07-04 00:06 /user/a37joshi/a2_starter_code_output_hadoop/part-r-00000
2021-07-04 00:06:23,396 INFO sasl.SaslDataTransferClient: SASL encryption trust check: localHostTrusted = false, remoteHostTrusted = false